// Jest Snapshot v1, https://goo.gl/fbAQLP

exports[`<Footer /> should render snapshot footer 1`] = `
<footer
  className="bg-black pb-24"
>
  <div
    className="container mx-auto"
  >
    <div
      className="text-white text-3xl mb-4"
    >
      Questions? Call +1 (408) 600-1722 (USA)
    </div>
    <div
      className="flex flex-wrap md:flex-row text-center md:text-left"
    >
      <div
        className="flex-shrink w-1/2 md:w-1/4 my-4 text-white text-lg"
      >
        <a
          href="./"
        >
          FAQ
        </a>
      </div>
      <div
        className="flex-shrink w-1/2 md:w-1/4 my-4 text-white text-lg"
      >
        <a
          href="./"
        >
          Help Center
        </a>
      </div>
      <div
        className="flex-shrink w-1/2 md:w-1/4 my-4 text-white text-lg"
      >
        <a
          href="./"
        >
          Account
        </a>
      </div>
      <div
        className="flex-shrink w-1/2 md:w-1/4 my-4 text-white text-lg"
      >
        <a
          href="./"
        >
          Media Center
        </a>
      </div>
      <div
        className="flex-shrink w-1/2 md:w-1/4 my-4 text-white text-lg"
      >
        <a
          href="./"
        >
          Privacy
        </a>
      </div>
      <div
        className="flex-shrink w-1/2 md:w-1/4 my-4 text-white text-lg"
      >
        <a
          href="./"
        >
          Jobs
        </a>
      </div>
      <div
        className="flex-shrink w-1/2 md:w-1/4 my-4 text-white text-lg"
      >
        <a
          href="./"
        >
          Ways to Watch
        </a>
      </div>
      <div
        className="flex-shrink w-1/2 md:w-1/4 my-4 text-white text-lg"
      >
        <a
          href="./"
        >
          Terms of use
        </a>
      </div>
      <div
        className="flex-shrink w-1/2 md:w-1/4 my-4 text-white text-lg"
      >
        <a
          href="./"
        >
          Speed Test
        </a>
      </div>
      <div
        className="flex-shrink w-1/2 md:w-1/4 my-4 text-white text-lg"
      >
        <a
          href="./"
        >
          Cookie Preferences
        </a>
      </div>
      <div
        className="flex-shrink w-1/2 md:w-1/4 my-4 text-white text-lg"
      >
        <a
          href="./"
        >
          Corporate Information
        </a>
      </div>
      <div
        className="flex-shrink w-1/2 md:w-1/4 my-4 text-white text-lg"
      >
        <a
          href="./"
        >
          Contact Us
        </a>
      </div>
    </div>
  </div>
</footer>
`;
